// Vitest Snapshot v1, https://vitest.dev/guide/snapshot.html

exports[`container  > user form 1`] = `
<h2
  class="section-title"
>
  User Form
</h2>
`;
